# PIC10 baseline core devices.
# All sizes and addresses are given in words, not in bytes.

[10F200]
program_memory_size = 100h
user_id_size = 4
user_id_address = 100h
config_address = 1FFh
write_block_size = 1
block_write_sequence = 08h FFh 0Eh
chip__erase__sequence = FEh 100h 09h FFh
block__write__timing = 2ms
bulk__erase__timing = 10ms
calibration_word_address = 104h

[10F202]
program_memory_size = 200h
user_id_size = 4
user_id_address = 200h
config_address = 3FFh
write_block_size = 1
block_write_sequence = 08h FFh 0Eh
chip__erase__sequence = FEh 200h 09h FFh
block__write__timing = 2ms
bulk__erase__timing = 10ms
calibration_word_address = 204h

[10F204]
program_memory_size = 100h
user_id_size = 4
user_id_address = 100h
config_address = 1FFh
write_block_size = 1
block_write_sequence = 08h FFh 0Eh
chip__erase__sequence = FEh 100h 09h FFh
block__write__timing = 2ms
bulk__erase__timing = 10ms
calibration_word_address = 104h

[10F206]
program_memory_size = 200h
user_id_size = 4
user_id_address = 200h
config_address = 3FFh
write_block_size = 1
block_write_sequence = 08h FFh 0Eh
chip__erase__sequence = FEh 200h 09h FFh
block__write__timing = 2ms
bulk__erase__timing = 10ms
calibration_word_address = 204h

[10F220]
program_memory_size = 100h
user_id_size = 4
user_id_address = 100h
config_address = 1FFh
write_block_size = 1
block_write_sequence = 08h FFh 0Eh
chip__erase__sequence = FEh 100h 09h FFh
block__write__timing = 2ms
bulk__erase__timing = 10ms
calibration_word_address = 104h

[10F222]
program_memory_size = 200h
user_id_size = 4
user_id_address = 200h
config_address = 3FFh
write_block_size = 1
block_write_sequence = 08h FFh 0Eh
chip__erase__sequence = FEh 200h 09h FFh
block__write__timing = 2ms
bulk__erase__timing = 10ms
calibration_word_address = 204h
